[codecanyon.kreativdev.com/coursela/demo/index.html]
[backblue.gif]
[fade.gif]
[index.html]
[codecanyon.kreativdev.com/coursela/demo/assets/img/1632723997.png]
[codecanyon.kreativdev.com/coursela/demo/assets/img/newsletter-section/6281ecbf6c79d.jpg]
[codecanyon.kreativdev.com/coursela/demo/user/login.html]
[codecanyon.kreativdev.com/coursela/demo/user/signup.html]
[codecanyon.kreativdev.com/coursela/demo/courses.html]
[codecanyon.kreativdev.com/coursela/demo/instructors.html]
[codecanyon.kreativdev.com/coursela/demo/about.html]
[codecanyon.kreativdev.com/coursela/demo/terms-&-conditions.html]
[codecanyon.kreativdev.com/coursela/demo/blog.html]
[codecanyon.kreativdev.com/coursela/demo/faq.html]
[codecanyon.kreativdev.com/coursela/demo/contact.html]
[codecanyon.kreativdev.com/coursela/demo/assets/img/hero-section/627f7d7e9ce5c.jpg]
[codecanyon.kreativdev.com/coursela/demo/courses4d30.html]
[codecanyon.kreativdev.com/coursela/demo/courses6def.html]
[codecanyon.kreativdev.com/coursela/demo/courses67e4.html]
[codecanyon.kreativdev.com/coursela/demo/courses66e0.html]
[codecanyon.kreativdev.com/coursela/demo/assets/img/action-section/61a6fe5929b63.jpg]
[codecanyon.kreativdev.com/coursela/demo/course/php-web-development-course-with-real-world-project.html]
[codecanyon.kreativdev.com/coursela/demo/course/build-landing-page-website-with-html-css-javascript.html]
[codecanyon.kreativdev.com/coursela/demo/course/mobile-app-development-with-react-native-hybrid-mobile-app.html]
[codecanyon.kreativdev.com/coursela/demo/course/full-stack-web-development-course---html-css-js-php.html]
[codecanyon.kreativdev.com/coursela/demo/assets/img/1633502472.jpg]
[codecanyon.kreativdev.com/coursela/demo/assets/img/fact-section/61befc8312cee.jpg]
[codecanyon.kreativdev.com/coursela/demo/assets/img/61bf1ed024d95.png]
[codecanyon.kreativdev.com/coursela/demo/assets/img/popups/6283ace1d2dd0.png]
[codecanyon.kreativdev.com/coursela/demo/assets/img/popups/6283ac4e5c055.png]
[codecanyon.kreativdev.com/coursela/demo/blog/morbi-in-sem-quis-dui-placerat-ornare.html]
[codecanyon.kreativdev.com/coursela/demo/blog/donec-nec-justo-eget-felis-facilisis-fermentum.html]
[codecanyon.kreativdev.com/coursela/demo/blog/phasellus-ultrices-nulla-quis-nibh.html]
[codecanyon.kreativdev.com/coursela/demo/assets/js/jquery-1.12.4.min.js]
[codecanyon.kreativdev.com/coursela/demo/assets/js/modernizr-3.6.0.min.js]
[codecanyon.kreativdev.com/coursela/demo/assets/js/popper.min.js]
[codecanyon.kreativdev.com/coursela/demo/assets/js/bootstrap.min.js]
[codecanyon.kreativdev.com/coursela/demo/assets/js/slick.min.js]
[codecanyon.kreativdev.com/coursela/demo/assets/js/isotope-pkgd-3.0.6.min.js]
[codecanyon.kreativdev.com/coursela/demo/assets/js/imagesloaded.pkgd.min.js]
[codecanyon.kreativdev.com/coursela/demo/assets/js/jquery.magnific-popup.min.js]
[codecanyon.kreativdev.com/coursela/demo/assets/js/owl-carousel.min.js]
[codecanyon.kreativdev.com/coursela/demo/assets/js/jquery.nice-select.min.js]
[codecanyon.kreativdev.com/coursela/demo/assets/js/wow.min.js]
[codecanyon.kreativdev.com/coursela/demo/assets/js/jquery.counterup.min.js]
[codecanyon.kreativdev.com/coursela/demo/assets/js/waypoints.min.js]
[codecanyon.kreativdev.com/coursela/demo/assets/js/toastr.min.js]
[codecanyon.kreativdev.com/coursela/demo/assets/js/datatables-1.10.23.min.js]
[codecanyon.kreativdev.com/coursela/demo/assets/js/datatables.bootstrap4.min.js]
[codecanyon.kreativdev.com/coursela/demo/assets/js/highlight.pack.js]
[codecanyon.kreativdev.com/coursela/demo/assets/js/jquery-ui.min.js]
[codecanyon.kreativdev.com/coursela/demo/assets/js/jquery-syotimer.min.js]
[codecanyon.kreativdev.com/coursela/demo/assets/js/vanilla-lazyload.min.js]
[codecanyon.kreativdev.com/coursela/demo/assets/js/main.js]
[codecanyon.kreativdev.com/coursela/demo/assets/js/push-notification.js]
[codecanyon.kreativdev.com/coursela/demo/index.html]
[codecanyon.kreativdev.com/coursela/demo/assets/css/animate.min.css]
[codecanyon.kreativdev.com/coursela/demo/assets/fonts/fontawesome/fa-brands-400.eot]
[codecanyon.kreativdev.com/coursela/demo/assets/fonts/fontawesome/fa-brands-400d41d.eot]
[codecanyon.kreativdev.com/coursela/demo/assets/fonts/fontawesome/fa-brands-400.woff2]
[codecanyon.kreativdev.com/coursela/demo/assets/fonts/fontawesome/fa-brands-400.woff]
[codecanyon.kreativdev.com/coursela/demo/assets/fonts/fontawesome/fa-brands-400.ttf]
[codecanyon.kreativdev.com/coursela/demo/assets/fonts/fontawesome/fa-light-300.eot]
[codecanyon.kreativdev.com/coursela/demo/assets/fonts/fontawesome/fa-light-300d41d.eot]
[codecanyon.kreativdev.com/coursela/demo/assets/fonts/fontawesome/fa-light-300.woff2]
[codecanyon.kreativdev.com/coursela/demo/assets/fonts/fontawesome/fa-light-300.woff]
[codecanyon.kreativdev.com/coursela/demo/assets/fonts/fontawesome/fa-light-300.ttf]
[codecanyon.kreativdev.com/coursela/demo/assets/fonts/fontawesome/fa-regular-400.eot]
[codecanyon.kreativdev.com/coursela/demo/assets/fonts/fontawesome/fa-regular-400d41d.eot]
[codecanyon.kreativdev.com/coursela/demo/assets/fonts/fontawesome/fa-regular-400.woff2]
[codecanyon.kreativdev.com/coursela/demo/assets/fonts/fontawesome/fa-regular-400.woff]
[codecanyon.kreativdev.com/coursela/demo/assets/fonts/fontawesome/fa-regular-400.ttf]
[codecanyon.kreativdev.com/coursela/demo/assets/fonts/fontawesome/fa-solid-900.eot]
[codecanyon.kreativdev.com/coursela/demo/assets/fonts/fontawesome/fa-solid-900d41d.eot]
[codecanyon.kreativdev.com/coursela/demo/assets/fonts/fontawesome/fa-solid-900.woff2]
[codecanyon.kreativdev.com/coursela/demo/assets/fonts/fontawesome/fa-solid-900.woff]
[codecanyon.kreativdev.com/coursela/demo/assets/fonts/fontawesome/fa-solid-900.ttf]
[codecanyon.kreativdev.com/coursela/demo/assets/css/all.min.css]
[codecanyon.kreativdev.com/coursela/demo/assets/fonts/flaticon/Flaticon.eot]
[codecanyon.kreativdev.com/coursela/demo/assets/fonts/flaticon/Flaticond41d.eot]
[codecanyon.kreativdev.com/coursela/demo/assets/fonts/flaticon/Flaticon.woff2]
[codecanyon.kreativdev.com/coursela/demo/assets/fonts/flaticon/Flaticon.woff]
[codecanyon.kreativdev.com/coursela/demo/assets/fonts/flaticon/Flaticon.ttf]
[codecanyon.kreativdev.com/coursela/demo/assets/css/flaticon.css]
[codecanyon.kreativdev.com/coursela/demo/assets/css/bootstrap.min.css]
[codecanyon.kreativdev.com/coursela/demo/assets/css/magnific-popup.css]
[codecanyon.kreativdev.com/coursela/demo/assets/css/owl-carousel.min.css]
[codecanyon.kreativdev.com/coursela/demo/assets/css/nice-select.css]
[codecanyon.kreativdev.com/coursela/demo/assets/css/slick.css]
[codecanyon.kreativdev.com/coursela/demo/assets/css/toastr.min.css]
[codecanyon.kreativdev.com/coursela/demo/assets/css/datatables-1.10.23.min.css]
[codecanyon.kreativdev.com/coursela/demo/assets/css/datatables.bootstrap4.min.css]
[codecanyon.kreativdev.com/coursela/demo/assets/css/monokai-sublime.css]
[codecanyon.kreativdev.com/coursela/demo/assets/css/jquery-ui.min.css]
[codecanyon.kreativdev.com/coursela/demo/assets/css/default.min.css]
[codecanyon.kreativdev.com/coursela/demo/assets/img/rating-star.png]
[codecanyon.kreativdev.com/coursela/demo/assets/css/main.css]
[codecanyon.kreativdev.com/coursela/demo/assets/css/responsive.css]
[codecanyon.kreativdev.com/coursela/demo/assets/css/mega-menu.css]
[codecanyon.kreativdev.com/coursela/demo/assets/css/website-colore4a7.css]
[codecanyon.kreativdev.com/coursela/demo/assets/img/1634188347.jpg]
[codecanyon.kreativdev.com/coursela/demo/user/forget-password.html]
[codecanyon.kreativdev.com/coursela/demo/user/login.html]
[codecanyon.kreativdev.com/coursela/demo/user/signup.html]
[codecanyon.kreativdev.com/coursela/demo/course/laravel-full-course-with-real-world-project---model-view-controller.html]
[codecanyon.kreativdev.com/coursela/demo/course/how-to-become-super-productive-&-own-super-focus.html]
[codecanyon.kreativdev.com/coursela/demo/course/business-branding---website-facebook-google-instagram.html]
[codecanyon.kreativdev.com/coursela/demo/course/social-media-marketting---facebook-website-instagram-google.html]
[codecanyon.kreativdev.com/coursela/demo/course/online-marketing-for-your-local-business-made-simple.html]
[codecanyon.kreativdev.com/coursela/demo/course/full-uiux-design---adobe-photoshop-figma-xd.html]
[codecanyon.kreativdev.com/coursela/demo/course/responsive-website-design-with-media-query-css.html]
[codecanyon.kreativdev.com/coursela/demo/courses4658.html]
[codecanyon.kreativdev.com/coursela/demo/blog/vestibulum-commodo-felis-quis-tortor.html]
[codecanyon.kreativdev.com/coursela/demo/blog/vivamus-vestibulum-ntulla-nec-ante.html]
[codecanyon.kreativdev.com/coursela/demo/assets/js/course.js]
[codecanyon.kreativdev.com/coursela/demo/courses.html]
[codecanyon.kreativdev.com/coursela/demo/instructors.html]
[codecanyon.kreativdev.com/coursela/demo/about.html]
[codecanyon.kreativdev.com/coursela/demo/terms-&-conditions.html]
[codecanyon.kreativdev.com/coursela/demo/blog1ff4.html]
[codecanyon.kreativdev.com/coursela/demo/blog6def.html]
[codecanyon.kreativdev.com/coursela/demo/blog66e0.html]
[codecanyon.kreativdev.com/coursela/demo/blog/nam-dui-mi-tincidunt-quis-accumsan-porttitor-facilisis-luctus-metus.html]
[codecanyon.kreativdev.com/coursela/demo/blog46a9.html]
[codecanyon.kreativdev.com/coursela/demo/assets/js/blog.js]
[codecanyon.kreativdev.com/coursela/demo/blog.html]
[codecanyon.kreativdev.com/coursela/demo/faq.html]
[codecanyon.kreativdev.com/coursela/demo/contact.html]
[codecanyon.kreativdev.com/coursela/demo/courses4d30.html]
[codecanyon.kreativdev.com/coursela/demo/courses6def.html]
[codecanyon.kreativdev.com/coursela/demo/courses67e4.html]
[codecanyon.kreativdev.com/coursela/demo/courses66e0.html]
[codecanyon.kreativdev.com/coursela/demo/assets/img/courses/covers/6280c0410f929.jpg]
[codecanyon.kreativdev.com/coursela/demo/user/login6397.html]
[codecanyon.kreativdev.com/coursela/demo/assets/js/stripe.js]
[codecanyon.kreativdev.com/coursela/demo/assets/js/course-details.js]
[codecanyon.kreativdev.com/coursela/demo/course/php-web-development-course-with-real-world-project.html]
[codecanyon.kreativdev.com/coursela/demo/assets/img/courses/covers/627fb87425051.jpg]
[codecanyon.kreativdev.com/coursela/demo/course/build-landing-page-website-with-html-css-javascript.html]
[codecanyon.kreativdev.com/coursela/demo/assets/img/courses/covers/627fb70d5b40d.jpg]
[codecanyon.kreativdev.com/coursela/demo/course/mobile-app-development-with-react-native-hybrid-mobile-app.html]
[codecanyon.kreativdev.com/coursela/demo/assets/img/courses/covers/627fa21221be2.jpg]
[codecanyon.kreativdev.com/coursela/demo/course/full-stack-web-development-course---html-css-js-php.html]
[codecanyon.kreativdev.com/coursela/demo/codecanyon.kreativdev.com/coursela/terms-&-conditions.html]
[codecanyon.kreativdev.com/coursela/demo/codecanyon.kreativdev.com/coursela/contact.html]
[codecanyon.kreativdev.com/coursela/demo/blog/morbi-in-sem-quis-dui-placerat-ornare.html]
[codecanyon.kreativdev.com/coursela/demo/blog/donec-nec-justo-eget-felis-facilisis-fermentum.html]
[codecanyon.kreativdev.com/coursela/demo/blog/phasellus-ultrices-nulla-quis-nibh.html]
[codecanyon.kreativdev.com/coursela/demo/assets/fonts/fontawesome/fa-brands-400.svg]
[codecanyon.kreativdev.com/coursela/demo/assets/fonts/fontawesome/fa-light-300.svg]
[codecanyon.kreativdev.com/coursela/demo/assets/fonts/fontawesome/fa-regular-400.svg]
[codecanyon.kreativdev.com/coursela/demo/assets/fonts/fontawesome/fa-solid-900.svg]
[codecanyon.kreativdev.com/coursela/demo/assets/fonts/flaticon/Flaticon.svg]
[codecanyon.kreativdev.com/coursela/demo/assets/css/owl.video.play.html]
[codecanyon.kreativdev.com/coursela/demo/assets/images/sort_both.html]
[codecanyon.kreativdev.com/coursela/demo/assets/images/sort_asc.html]
[codecanyon.kreativdev.com/coursela/demo/assets/images/sort_desc.html]
[codecanyon.kreativdev.com/coursela/demo/assets/images/sort_asc_disabled.html]
[codecanyon.kreativdev.com/coursela/demo/assets/images/sort_desc_disabled.html]
[codecanyon.kreativdev.com/coursela/demo/assets/images/download-bg.html]
[codecanyon.kreativdev.com/coursela/demo/user/forget-password.html]
[codecanyon.kreativdev.com/coursela/demo/user/codecanyon.kreativdev.com/coursela/terms-&-conditions.html]
[codecanyon.kreativdev.com/coursela/demo/user/codecanyon.kreativdev.com/coursela/contact.html]
[codecanyon.kreativdev.com/coursela/demo/assets/img/courses/covers/6280e90e409c5.jpg]
[codecanyon.kreativdev.com/coursela/demo/course/laravel-full-course-with-real-world-project---model-view-controller.html]
[codecanyon.kreativdev.com/coursela/demo/assets/img/courses/covers/627fbf27af1db.jpg]
[codecanyon.kreativdev.com/coursela/demo/course/how-to-become-super-productive-&-own-super-focus.html]
[codecanyon.kreativdev.com/coursela/demo/assets/img/courses/covers/627fbe68aa6fe.jpg]
[codecanyon.kreativdev.com/coursela/demo/course/business-branding---website-facebook-google-instagram.html]
[codecanyon.kreativdev.com/coursela/demo/assets/img/courses/covers/627fbd884f2f4.jpg]
[codecanyon.kreativdev.com/coursela/demo/course/social-media-marketting---facebook-website-instagram-google.html]
[codecanyon.kreativdev.com/coursela/demo/assets/img/courses/covers/627fbcdeda428.jpg]
[codecanyon.kreativdev.com/coursela/demo/course/online-marketing-for-your-local-business-made-simple.html]
[codecanyon.kreativdev.com/coursela/demo/assets/img/courses/covers/627fba7901a5d.jpg]
[codecanyon.kreativdev.com/coursela/demo/course/full-uiux-design---adobe-photoshop-figma-xd.html]
[codecanyon.kreativdev.com/coursela/demo/assets/img/courses/covers/627fb98fc737c.jpg]
[codecanyon.kreativdev.com/coursela/demo/course/responsive-website-design-with-media-query-css.html]
[codecanyon.kreativdev.com/coursela/demo/courses2679.html]
[codecanyon.kreativdev.com/coursela/demo/courses4658.html]
[codecanyon.kreativdev.com/coursela/demo/blog/vestibulum-commodo-felis-quis-tortor.html]
[codecanyon.kreativdev.com/coursela/demo/blog/vivamus-vestibulum-ntulla-nec-ante.html]
[codecanyon.kreativdev.com/coursela/demo/assets/css/summernote-content.css]
[codecanyon.kreativdev.com/coursela/demo/blog1ff4.html]
[codecanyon.kreativdev.com/coursela/demo/blog6def.html]
[codecanyon.kreativdev.com/coursela/demo/blog66e0.html]
[codecanyon.kreativdev.com/coursela/demo/blog/nam-dui-mi-tincidunt-quis-accumsan-porttitor-facilisis-luctus-metus.html]
[codecanyon.kreativdev.com/coursela/demo/blog46a9.html]
[codecanyon.kreativdev.com/coursela/demo/user/login6397.html]
[codecanyon.kreativdev.com/coursela/demo/course/codecanyon.kreativdev.com/coursela/terms-&-conditions.html]
[codecanyon.kreativdev.com/coursela/demo/course/codecanyon.kreativdev.com/coursela/contact.html]
[codecanyon.kreativdev.com/coursela/demo/blog/codecanyon.kreativdev.com/coursela/terms-&-conditions.html]
[codecanyon.kreativdev.com/coursela/demo/blog/codecanyon.kreativdev.com/coursela/contact.html]
[codecanyon.kreativdev.com/coursela/demo/courses2679.html]
